MO display NULL display.v vlg1E/display.bin 1509271164
AR pulse_flipflop behavioral D:/ISE/vending_asychronous_Sche/pulse_FlipFlop.vhf sub00/vhpl15 1509222186
EN freq_divider_muser_vending_asychronous_sche NULL D:/ISE/vending_asychronous_Sche/vending_asychronous_Sche.vhf sub00/vhpl22 1509266208
EN d_flipflop NULL D:/ISE/vending_asychronous_Sche/D_FlipFlop.vhf sub00/vhpl08 1509271170
EN d_flipflop_muser_vending_asychronous_sche NULL D:/ISE/vending_asychronous_Sche/vending_asychronous_Sche.vhf sub00/vhpl06 1509271164
AR add4_mxilinx_vending_asychronous_sche behavioral D:/ISE/vending_asychronous_Sche/vending_asychronous_Sche.vhf sub00/vhpl03 1509271167
AR jk_flipflop behavioral D:/ISE/vending_asychronous_Sche/JK_FlipFlop.vhf sub00/vhpl33 1509264787
AR jk_flipflop_muser_freq_divider behavioral D:/ISE/vending_asychronous_Sche/freq_divider.vhf sub00/vhpl25 1509264779
AR pulse_flipflop_muser_vending_asychronous_sche behavioral D:/ISE/vending_asychronous_Sche/vending_asychronous_Sche.vhf sub00/vhpl11 1509222178
AR vending_asychronous_sche behavioral D:/ISE/vending_asychronous_Sche/vending_asychronous_Sche.vhf sub00/vhpl05 1509271169
AR d_flipflop_muser_pulse_flipflop behavioral D:/ISE/vending_asychronous_Sche/pulse_FlipFlop.vhf sub00/vhpl13 1509222184
EN freq_divider NULL D:/ISE/vending_asychronous_Sche/freq_divider.vhf sub00/vhpl30 1509266216
EN d_flipflop_muser_freq_divider NULL D:/ISE/vending_asychronous_Sche/freq_divider.vhf sub00/vhpl34 1509266214
EN cb4ce_mxilinx_freq_divider NULL D:/ISE/vending_asychronous_Sche/freq_divider.vhf sub00/vhpl28 1509264782
MO delay_1s NULL delay_1s.v vlg12/delay__1s.bin 1509214373
AR freq_divider_muser_vending_asychronous_sche behavioral D:/ISE/vending_asychronous_Sche/vending_asychronous_Sche.vhf sub00/vhpl23 1509266209
EN ftce_mxilinx_freq_divider NULL D:/ISE/vending_asychronous_Sche/freq_divider.vhf sub00/vhpl26 1509264780
EN pulse_flipflop NULL D:/ISE/vending_asychronous_Sche/pulse_FlipFlop.vhf sub00/vhpl14 1509222185
AR cb4ce_mxilinx_freq_divider behavioral D:/ISE/vending_asychronous_Sche/freq_divider.vhf sub00/vhpl29 1509264783
EN d_flipflop_muser_pulse_flipflop NULL D:/ISE/vending_asychronous_Sche/pulse_FlipFlop.vhf sub00/vhpl12 1509222183
AR d_flipflop_muser_vending_asychronous_sche behavioral D:/ISE/vending_asychronous_Sche/vending_asychronous_Sche.vhf sub00/vhpl07 1509271165
EN pulse_flipflop_muser_vending_asychronous_sche NULL D:/ISE/vending_asychronous_Sche/vending_asychronous_Sche.vhf sub00/vhpl10 1509222177
AR freq_divider behavioral D:/ISE/vending_asychronous_Sche/freq_divider.vhf sub00/vhpl31 1509266217
AR d_flipflop behavioral D:/ISE/vending_asychronous_Sche/D_FlipFlop.vhf sub00/vhpl09 1509271171
EN ifd_mxilinx_vending_asychronous_sche NULL D:/ISE/vending_asychronous_Sche/vending_asychronous_Sche.vhf sub00/vhpl00 1509196026
EN jk_flipflop_muser_freq_divider NULL D:/ISE/vending_asychronous_Sche/freq_divider.vhf sub00/vhpl24 1509264778
AR d_flipflop_muser_freq_divider behavioral D:/ISE/vending_asychronous_Sche/freq_divider.vhf sub00/vhpl35 1509266215
EN jk_flipflop NULL D:/ISE/vending_asychronous_Sche/JK_FlipFlop.vhf sub00/vhpl32 1509264786
AR ftce_mxilinx_freq_divider behavioral D:/ISE/vending_asychronous_Sche/freq_divider.vhf sub00/vhpl27 1509264781
EN jk_flipflop_muser_vending_asychronous_sche NULL D:/ISE/vending_asychronous_Sche/vending_asychronous_Sche.vhf sub00/vhpl16 1509264766
EN cb4ce_mxilinx_vending_asychronous_sche NULL D:/ISE/vending_asychronous_Sche/vending_asychronous_Sche.vhf sub00/vhpl20 1509264770
EN add4_mxilinx_vending_asychronous_sche NULL D:/ISE/vending_asychronous_Sche/vending_asychronous_Sche.vhf sub00/vhpl02 1509271166
AR jk_flipflop_muser_vending_asychronous_sche behavioral D:/ISE/vending_asychronous_Sche/vending_asychronous_Sche.vhf sub00/vhpl17 1509264767
EN ftce_mxilinx_vending_asychronous_sche NULL D:/ISE/vending_asychronous_Sche/vending_asychronous_Sche.vhf sub00/vhpl18 1509264768
AR cb4ce_mxilinx_vending_asychronous_sche behavioral D:/ISE/vending_asychronous_Sche/vending_asychronous_Sche.vhf sub00/vhpl21 1509264771
EN vending_asychronous_sche NULL D:/ISE/vending_asychronous_Sche/vending_asychronous_Sche.vhf sub00/vhpl04 1509271168
AR ftce_mxilinx_vending_asychronous_sche behavioral D:/ISE/vending_asychronous_Sche/vending_asychronous_Sche.vhf sub00/vhpl19 1509264769
AR ifd_mxilinx_vending_asychronous_sche behavioral D:/ISE/vending_asychronous_Sche/vending_asychronous_Sche.vhf sub00/vhpl01 1509196027
MO freq_div50M NULL freq_div50M.v vlg3E/freq__div50_m.bin 1509271164
