MO display NULL display.v vlg1E/display.bin 1510973823
MO BIN_BCD_4 NULL binary_BCD.v vlg4C/_b_i_n___b_c_d__4.bin 1510752967
AR sop4_mxilinx_exp_2_1_16_2 behavioral D:/ISE/Schematic_draft/exp_2_1_16_2.vhf sub00/vhpl01 1511842901
EN sop4_mxilinx_exp_2_1_16_2 NULL D:/ISE/Schematic_draft/exp_2_1_16_2.vhf sub00/vhpl00 1511842900
