AR ftrse_mxilinx_stopwatch_sportsman_sche behavioral D:/ISE/stopwatch_sportsman_Sche/stopwatch_sportsman_Sche.vhf sub00/vhpl25 1511448891
AR exp_2_1_16_5_muser_stopwatch_sportsman_sche behavioral D:/ISE/stopwatch_sportsman_Sche/stopwatch_sportsman_Sche.vhf sub00/vhpl55 1511488998
EN display_muser_stopwatch_sportsman_sche NULL D:/ISE/stopwatch_sportsman_Sche/stopwatch_sportsman_Sche.vhf sub00/vhpl28 1510990634
AR display_muser_stopwatch_sportsman_sche behavioral D:/ISE/stopwatch_sportsman_Sche/stopwatch_sportsman_Sche.vhf sub00/vhpl29 1510990635
MO display NULL display.v vlg1E/display.bin 1511488991
EN div5_muser_freq_div NULL D:/ISE/stopwatch_sportsman_Sche/freq_div.vhf sub00/vhpl10 1511489019
AR ftrse_mxilinx_exp_2_1_16_5 behavioral D:/ISE/stopwatch_sportsman_Sche/exp_2_1_16_5.vhf sub00/vhpl69 1511448909
AR div2 behavioral D:/ISE/stopwatch_sportsman_Sche/div2.vhf sub00/vhpl21 1511489026
AR display behavioral D:/ISE/stopwatch_sportsman_Sche/display.vhf sub00/vhpl43 1510989164
AR jk_flipflop behavioral D:/ISE/stopwatch_sportsman_Sche/JK_FlipFlop.vhf sub00/vhpl45 1510995222
AR div2_muser_freq_div behavioral D:/ISE/stopwatch_sportsman_Sche/freq_div.vhf sub00/vhpl15 1511489018
AR cb4re_mxilinx_exp_2_1_16_5 behavioral D:/ISE/stopwatch_sportsman_Sche/exp_2_1_16_5.vhf sub00/vhpl71 1511448911
EN ftc_mxilinx_freq_div NULL D:/ISE/stopwatch_sportsman_Sche/freq_div.vhf sub00/vhpl12 1511489015
AR nand8_mxilinx_stopwatch_sportsman_sche behavioral D:/ISE/stopwatch_sportsman_Sche/stopwatch_sportsman_Sche.vhf sub00/vhpl37 1511353717
AR cb4re_mxilinx_stopwatch_sportsman_sche behavioral D:/ISE/stopwatch_sportsman_Sche/stopwatch_sportsman_Sche.vhf sub00/vhpl67 1511448893
EN freq_div NULL D:/ISE/stopwatch_sportsman_Sche/freq_div.vhf sub00/vhpl16 1511489021
EN ftrse_mxilinx_display NULL D:/ISE/stopwatch_sportsman_Sche/display.vhf sub00/vhpl38 1510989159
AR fjkrse_mxilinx_stopwatch_sportsman_sche behavioral D:/ISE/stopwatch_sportsman_Sche/stopwatch_sportsman_Sche.vhf sub00/vhpl47 1511488992
AR ftrse_mxilinx_display behavioral D:/ISE/stopwatch_sportsman_Sche/display.vhf sub00/vhpl39 1510989160
EN fjkrse_mxilinx_stopwatch_sportsman_sche NULL D:/ISE/stopwatch_sportsman_Sche/stopwatch_sportsman_Sche.vhf sub00/vhpl46 1511488991
AR exp_2_1_16_2_muser_stopwatch_sportsman_sche behavioral D:/ISE/stopwatch_sportsman_Sche/stopwatch_sportsman_Sche.vhf sub00/vhpl53 1511488996
EN freq_div_muser_stopwatch_sportsman_sche NULL D:/ISE/stopwatch_sportsman_Sche/stopwatch_sportsman_Sche.vhf sub00/vhpl06 1511489005
EN cb2re_mxilinx_stopwatch_sportsman_sche NULL D:/ISE/stopwatch_sportsman_Sche/stopwatch_sportsman_Sche.vhf sub00/vhpl26 1510990632
AR cb4ce_mxilinx_stopwatch_sportsman_sche behavioral D:/ISE/stopwatch_sportsman_Sche/stopwatch_sportsman_Sche.vhf sub00/vhpl35 1511353715
EN nand8_mxilinx_stopwatch_sportsman_sche NULL D:/ISE/stopwatch_sportsman_Sche/stopwatch_sportsman_Sche.vhf sub00/vhpl36 1511353716
EN cb4re_mxilinx_exp_2_1_16_5 NULL D:/ISE/stopwatch_sportsman_Sche/exp_2_1_16_5.vhf sub00/vhpl70 1511448910
AR ftce_mxilinx_stopwatch_sportsman_sche behavioral D:/ISE/stopwatch_sportsman_Sche/stopwatch_sportsman_Sche.vhf sub00/vhpl33 1511353713
EN cd4re_mxilinx_stopwatch_sportsman_sche NULL D:/ISE/stopwatch_sportsman_Sche/stopwatch_sportsman_Sche.vhf sub00/vhpl48 1511361925
EN ftc_mxilinx_div2 NULL D:/ISE/stopwatch_sportsman_Sche/div2.vhf sub00/vhpl18 1511489023
AR freq_div_muser_stopwatch_sportsman_sche behavioral D:/ISE/stopwatch_sportsman_Sche/stopwatch_sportsman_Sche.vhf sub00/vhpl07 1511489006
AR cb2re_mxilinx_display behavioral D:/ISE/stopwatch_sportsman_Sche/display.vhf sub00/vhpl41 1510989162
AR ftc_mxilinx_stopwatch_sportsman_sche behavioral D:/ISE/stopwatch_sportsman_Sche/stopwatch_sportsman_Sche.vhf sub00/vhpl03 1511489000
AR exp_2_1_16_2 behavioral D:/ISE/stopwatch_sportsman_Sche/exp_2_1_16_2.vhf sub00/vhpl65 1511489032
AR ftc_mxilinx_div2 behavioral D:/ISE/stopwatch_sportsman_Sche/div2.vhf sub00/vhpl19 1511489024
MO bus_tap NULL bus_tap.v vlg7A/bus__tap.bin 1511488991
EN exp_2_1_16_2_muser_exp_2_1_16_5 NULL D:/ISE/stopwatch_sportsman_Sche/exp_2_1_16_5.vhf sub00/vhpl58 1511489011
AR sop4_mxilinx_exp_2_1_16_2 behavioral D:/ISE/stopwatch_sportsman_Sche/exp_2_1_16_2.vhf sub00/vhpl63 1511489030
EN cb2re_mxilinx_display NULL D:/ISE/stopwatch_sportsman_Sche/display.vhf sub00/vhpl40 1510989161
AR freq_div behavioral D:/ISE/stopwatch_sportsman_Sche/freq_div.vhf sub00/vhpl17 1511489022
AR div5_muser_stopwatch_sportsman_sche behavioral D:/ISE/stopwatch_sportsman_Sche/stopwatch_sportsman_Sche.vhf sub00/vhpl01 1511489004
AR div5 behavioral D:/ISE/stopwatch_sportsman_Sche/div5.vhf sub00/vhpl23 1511489028
EN div5_muser_stopwatch_sportsman_sche NULL D:/ISE/stopwatch_sportsman_Sche/stopwatch_sportsman_Sche.vhf sub00/vhpl00 1511489003
AR and6_mxilinx_stopwatch_sportsman_sche behavioral D:/ISE/stopwatch_sportsman_Sche/stopwatch_sportsman_Sche.vhf sub00/vhpl73 1511487781
EN ftrse_mxilinx_exp_2_1_16_5 NULL D:/ISE/stopwatch_sportsman_Sche/exp_2_1_16_5.vhf sub00/vhpl68 1511448908
AR cd4re_mxilinx_stopwatch_sportsman_sche behavioral D:/ISE/stopwatch_sportsman_Sche/stopwatch_sportsman_Sche.vhf sub00/vhpl49 1511361926
AR ftc_mxilinx_freq_div behavioral D:/ISE/stopwatch_sportsman_Sche/freq_div.vhf sub00/vhpl13 1511489016
AR exp_2_1_16_2_muser_exp_2_1_16_5 behavioral D:/ISE/stopwatch_sportsman_Sche/exp_2_1_16_5.vhf sub00/vhpl59 1511489012
EN ftc_mxilinx_stopwatch_sportsman_sche NULL D:/ISE/stopwatch_sportsman_Sche/stopwatch_sportsman_Sche.vhf sub00/vhpl02 1511488999
AR stopwatch_sportsman_sche behavioral D:/ISE/stopwatch_sportsman_Sche/stopwatch_sportsman_Sche.vhf sub00/vhpl09 1511489008
EN exp_2_1_16_2_muser_stopwatch_sportsman_sche NULL D:/ISE/stopwatch_sportsman_Sche/stopwatch_sportsman_Sche.vhf sub00/vhpl52 1511488995
EN div2 NULL D:/ISE/stopwatch_sportsman_Sche/div2.vhf sub00/vhpl20 1511489025
EN div5 NULL D:/ISE/stopwatch_sportsman_Sche/div5.vhf sub00/vhpl22 1511489027
EN ftrse_mxilinx_stopwatch_sportsman_sche NULL D:/ISE/stopwatch_sportsman_Sche/stopwatch_sportsman_Sche.vhf sub00/vhpl24 1511448890
AR sop4_mxilinx_stopwatch_sportsman_sche behavioral D:/ISE/stopwatch_sportsman_Sche/stopwatch_sportsman_Sche.vhf sub00/vhpl51 1511488994
EN exp_2_1_16_2 NULL D:/ISE/stopwatch_sportsman_Sche/exp_2_1_16_2.vhf sub00/vhpl64 1511489031
EN exp_2_1_16_5 NULL D:/ISE/stopwatch_sportsman_Sche/exp_2_1_16_5.vhf sub00/vhpl60 1511489013
EN cb4re_mxilinx_stopwatch_sportsman_sche NULL D:/ISE/stopwatch_sportsman_Sche/stopwatch_sportsman_Sche.vhf sub00/vhpl66 1511448892
EN jk_flipflop NULL D:/ISE/stopwatch_sportsman_Sche/JK_FlipFlop.vhf sub00/vhpl44 1510995221
EN div2_muser_freq_div NULL D:/ISE/stopwatch_sportsman_Sche/freq_div.vhf sub00/vhpl14 1511489017
EN div2_muser_stopwatch_sportsman_sche NULL D:/ISE/stopwatch_sportsman_Sche/stopwatch_sportsman_Sche.vhf sub00/vhpl04 1511489001
EN and6_mxilinx_stopwatch_sportsman_sche NULL D:/ISE/stopwatch_sportsman_Sche/stopwatch_sportsman_Sche.vhf sub00/vhpl72 1511487780
AR exp_2_1_16_5 behavioral D:/ISE/stopwatch_sportsman_Sche/exp_2_1_16_5.vhf sub00/vhpl61 1511489014
AR div2_muser_stopwatch_sportsman_sche behavioral D:/ISE/stopwatch_sportsman_Sche/stopwatch_sportsman_Sche.vhf sub00/vhpl05 1511489002
EN jk_flipflop_muser_stopwatch_sportsman_sche NULL D:/ISE/stopwatch_sportsman_Sche/stopwatch_sportsman_Sche.vhf sub00/vhpl30 1510995199
AR jk_flipflop_muser_stopwatch_sportsman_sche behavioral D:/ISE/stopwatch_sportsman_Sche/stopwatch_sportsman_Sche.vhf sub00/vhpl31 1510995200
EN sop4_mxilinx_stopwatch_sportsman_sche NULL D:/ISE/stopwatch_sportsman_Sche/stopwatch_sportsman_Sche.vhf sub00/vhpl50 1511488993
EN cb4ce_mxilinx_stopwatch_sportsman_sche NULL D:/ISE/stopwatch_sportsman_Sche/stopwatch_sportsman_Sche.vhf sub00/vhpl34 1511353714
EN sop4_mxilinx_exp_2_1_16_2 NULL D:/ISE/stopwatch_sportsman_Sche/exp_2_1_16_2.vhf sub00/vhpl62 1511489029
AR sop4_mxilinx_exp_2_1_16_5 behavioral D:/ISE/stopwatch_sportsman_Sche/exp_2_1_16_5.vhf sub00/vhpl57 1511489010
EN sop4_mxilinx_exp_2_1_16_5 NULL D:/ISE/stopwatch_sportsman_Sche/exp_2_1_16_5.vhf sub00/vhpl56 1511489009
EN ftce_mxilinx_stopwatch_sportsman_sche NULL D:/ISE/stopwatch_sportsman_Sche/stopwatch_sportsman_Sche.vhf sub00/vhpl32 1511353712
AR div5_muser_freq_div behavioral D:/ISE/stopwatch_sportsman_Sche/freq_div.vhf sub00/vhpl11 1511489020
EN stopwatch_sportsman_sche NULL D:/ISE/stopwatch_sportsman_Sche/stopwatch_sportsman_Sche.vhf sub00/vhpl08 1511489007
AR cb2re_mxilinx_stopwatch_sportsman_sche behavioral D:/ISE/stopwatch_sportsman_Sche/stopwatch_sportsman_Sche.vhf sub00/vhpl27 1510990633
EN exp_2_1_16_5_muser_stopwatch_sportsman_sche NULL D:/ISE/stopwatch_sportsman_Sche/stopwatch_sportsman_Sche.vhf sub00/vhpl54 1511488997
