MO vending_asychronous NULL vending_asychronous.v vlg74/vending__asychronous.bin 1509185701
MO display NULL vending_asychronous.v vlg1E/display.bin 1509185701
MO vending_asynchronous NULL vending_asychronous.v vlg2E/vending__asynchronous.bin 1509085420
MO top_level_connection NULL vending_asychronous.v vlg25/top__level__connection.bin 1509185701
MO delay NULL vending_asychronous.v vlg5F/delay.bin 1509090309
