--------------------------------------------------------------------------------
Release 14.7 Trace  (nt64)
Copyright (c) 1995-2013 Xilinx, Inc.  All rights reserved.

D:\Xilinx\14.7\ISE_DS\ISE\bin\nt64\unwrapped\trce.exe -intstyle ise -v 3 -s 4
-n 3 -fastpaths -xml Encoder_8_7Seg.twx Encoder_8_7Seg.ncd -o
Encoder_8_7Seg.twr Encoder_8_7Seg.pcf -ucf Encoder_8.ucf

Design file:              Encoder_8_7Seg.ncd
Physical constraint file: Encoder_8_7Seg.pcf
Device,package,speed:     xc3s100e,cp132,-4 (PRODUCTION 1.27 2013-10-13)
Report level:             verbose report

Environment Variable      Effect 
--------------------      ------ 
NONE                      No environment variables were set
--------------------------------------------------------------------------------

INFO:Timing:2698 - No timing constraints found, doing default enumeration.
INFO:Timing:3412 - To improve timing, see the Timing Closure User Guide (UG612).
INFO:Timing:2752 - To get complete path coverage, use the unconstrained paths 
   option. All paths that are not constrained will be reported in the 
   unconstrained paths section(s) of the report.
INFO:Timing:3339 - The clock-to-out numbers in this timing report are based on 
   a 50 Ohm transmission line loading model.  For the details of this model, 
   and for more information on accounting for different loading conditions, 
   please see the device datasheet.
INFO:Timing:3390 - This architecture does not support a default System Jitter 
   value, please add SYSTEM_JITTER constraint to the UCF to modify the Clock 
   Uncertainty calculation.
INFO:Timing:3389 - This architecture does not support 'Discrete Jitter' and 
   'Phase Error' calculations, these terms will be zero in the Clock 
   Uncertainty calculation.  Please make appropriate modification to 
   SYSTEM_JITTER to account for the unsupported Discrete Jitter and Phase 
   Error.



Data Sheet report:
-----------------
All values displayed in nanoseconds (ns)

Pad to Pad
---------------+---------------+---------+
Source Pad     |Destination Pad|  Delay  |
---------------+---------------+---------+
A              |Y<0>           |   12.403|
A              |Y<1>           |   12.196|
A              |Y<2>           |   12.403|
A              |Y<3>           |   12.183|
A              |Y<4>           |   11.589|
A              |Y<5>           |   11.169|
A              |Y<6>           |   11.002|
B              |Y<0>           |   12.518|
B              |Y<1>           |   12.311|
B              |Y<2>           |   12.518|
B              |Y<3>           |   12.298|
B              |Y<4>           |   11.275|
B              |Y<5>           |   10.855|
B              |Y<6>           |   11.117|
C              |Y<0>           |   12.419|
C              |Y<1>           |   12.212|
C              |Y<2>           |   12.419|
C              |Y<3>           |   12.199|
C              |Y<4>           |   11.151|
C              |Y<5>           |   10.731|
C              |Y<6>           |   11.018|
D              |Y<0>           |   13.264|
D              |Y<1>           |   13.057|
D              |Y<2>           |   13.264|
D              |Y<3>           |   13.044|
D              |Y<4>           |   11.652|
D              |Y<5>           |   11.232|
D              |Y<6>           |   11.200|
E              |Y<0>           |   14.921|
E              |Y<1>           |   14.714|
E              |Y<2>           |   14.921|
E              |Y<3>           |   14.701|
E              |Y<4>           |   14.000|
E              |Y<5>           |   13.580|
E              |Y<6>           |   12.350|
F              |Y<0>           |   13.857|
F              |Y<1>           |   13.650|
F              |Y<2>           |   13.857|
F              |Y<3>           |   13.637|
F              |Y<4>           |   12.245|
F              |Y<5>           |   11.825|
F              |Y<6>           |   10.805|
G              |Y<0>           |   14.284|
G              |Y<1>           |   14.077|
G              |Y<2>           |   14.284|
G              |Y<3>           |   14.064|
G              |Y<4>           |   12.736|
G              |Y<5>           |   12.316|
G              |Y<6>           |   11.232|
H              |Y<0>           |   13.827|
H              |Y<1>           |   13.620|
H              |Y<2>           |   13.827|
H              |Y<3>           |   13.607|
H              |Y<4>           |   12.215|
H              |Y<5>           |   11.795|
H              |Y<6>           |   10.775|
---------------+---------------+---------+


Analysis completed Wed Oct 11 08:35:43 2017 
--------------------------------------------------------------------------------

Trace Settings:
-------------------------
Trace Settings 

Peak Memory Usage: 146 MB



